RAM Allocation [bytes]
Variable                                                                          Address   Size
------------------------------------------------------------------------------------------------

EEPROM Allocation [bytes]
Variable                                                                          Address   Size
------------------------------------------------------------------------------------------------

Register Allocation
Variable                                                                          Register  Size
------------------------------------------------------------------------------------------------
weight                                                                            R5           1
whigh                                                                             R4           1
wlow                                                                              R7           1
temp                                                                              R8,R9        2

FLASH Allocation [words]
Function                                                                          Address   Size
------------------------------------------------------------------------------------------------
display                                                                           0x0005C     22
ADC_isr                                                                           0x00072     44
main                                                                              0x0009E     12
