RAM Allocation [bytes]
Variable                                                                          Address   Size
------------------------------------------------------------------------------------------------
res                                                                               0x0260       4

EEPROM Allocation [bytes]
Variable                                                                          Address   Size
------------------------------------------------------------------------------------------------

Register Allocation
Variable                                                                          Register  Size
------------------------------------------------------------------------------------------------
data                                                                              R4,R5        2
data1                                                                             R6,R7        2
outl                                                                              R9           1
outh                                                                              R8           1
temp                                                                              R11          1

FLASH Allocation [words]
Function                                                                          Address   Size
------------------------------------------------------------------------------------------------
show                                                                              0x0004A     28
main                                                                              0x00066     90
