RAM Allocation [bytes]
Variable                                                                          Address   Size
------------------------------------------------------------------------------------------------

EEPROM Allocation [bytes]
Variable                                                                          Address   Size
------------------------------------------------------------------------------------------------

Register Allocation
Variable                                                                          Register  Size
------------------------------------------------------------------------------------------------
state                                                                             R5           1
number                                                                            R4           1

FLASH Allocation [words]
Function                                                                          Address   Size
------------------------------------------------------------------------------------------------
show_number                                                                       0x0005C     15
int_interrupt0                                                                    0x0006B     18
int_timer1_COMPA                                                                  0x0007D     22
main                                                                              0x00093     25
